// Jest Snapshot v1, https://goo.gl/fbAQLP

exports[`v4 validate options should throw an error on the "resourceQuery" option with 0 value 1`] = `
"Invalid options object. Query Loader has been initialized using an options object that does not match the API schema.
 - options.resourceQuery should be one of these:
   string | [any, ...] | function
   -> A condition that needs to be satisfied before the loader runs
   Details:
    * options.resourceQuery should be a string.
    * options.resourceQuery should be an array:
      [any, ...]
    * options.resourceQuery should be an instance of function."
`;

exports[`v4 validate options should throw an error on the "use" option with {"options":{"name":"[path][name].[ext]"}} value 1`] = `"Loader Not Found"`;

exports[`v4 validate options should throw an error on the "use" option with true value 1`] = `
"Invalid options object. Query Loader has been initialized using an options object that does not match the API schema.
 - options.use should be one of these:
   string | object { loader?, options?, … }
   -> Loader
   Details:
    * options.use should be a string.
    * options.use should be an object:
      object { loader?, options?, … }"
`;

exports[`v5 validate options should throw an error on the "resourceQuery" option with 0 value 1`] = `
"Invalid options object. Query Loader has been initialized using an options object that does not match the API schema.
 - options.resourceQuery should be one of these:
   string | [any, ...] | function
   -> A condition that needs to be satisfied before the loader runs
   Details:
    * options.resourceQuery should be a string.
    * options.resourceQuery should be an array:
      [any, ...]
    * options.resourceQuery should be an instance of function."
`;

exports[`v5 validate options should throw an error on the "use" option with {"options":{"name":"[path][name].[ext]"}} value 1`] = `"Loader Not Found"`;

exports[`v5 validate options should throw an error on the "use" option with true value 1`] = `
"Invalid options object. Query Loader has been initialized using an options object that does not match the API schema.
 - options.use should be one of these:
   string | object { loader?, options?, … }
   -> Loader
   Details:
    * options.use should be a string.
    * options.use should be an object:
      object { loader?, options?, … }"
`;
